iso3,hazard_code,hazard_label,hazard_class,metric,value,unit,as_of_date,publication_date,publisher,source_type,source_url,doc_title,definition_text,precedence_tier,event_id,proxy_for,confidence
ETH,DR,Drought,natural,in_need,2300000,persons,2025-08-20,2025-08-22,OCHA,appeal,https://ocha.example/hrp,HRP Addendum,PIN per HRP addendum.,inter_agency_plan,ETH-DR-1,,high
PHL,TC,Tropical Cyclone,natural,affected,100000,persons,2025-09-14,2025-09-15,OCHA,sitrep,https://ocha.example/tc,TC Update,Affected includes those requiring assistance.,inter_agency_plan,PHL-TC-1,,med
